<?xml version="1.0" encoding="UTF-8"?>
<config xmlns="http://www.knime.org/2008/09/XMLConfig" xmlns:xsi="http://www.w3.org/2001/XMLSchema-instance" xsi:schemaLocation="http://www.knime.org/2008/09/XMLConfig http://www.knime.org/XMLConfig_2008_09.xsd" key="test">
    <entry key="display" type="xstring" value="Label"/>
    <entry key="objectName" type="xstring" value="Account"/>
    <config key="fields"/>
    <entry key="where" type="xstring" value="CreatedDate &gt; 2023-01-01"/>
    <entry key="limit" type="xint" value="1000"/>
    <entry key="retrieveDeletedArchived" type="xboolean" value="false"/>
</config>
